datapath__1: 
logic__54: 
logic__10: 
case__21: 
counter: 
keep__6: 
case__45: 
keep__10: 
logic__2: 
datapath__6: 
logic__56: 
alu_regfile: 
case__42: 
case__16: 
bcdTo7Segment: 
reg__7: 
reg_file: 
reg__3: 
case__46: 
case__11: 
muxpart__2: 
datapath__7: 
keep__2: 
reg__15: 
clockDivider10KHz: 
case__6: 
case__8: 
case__28: 
reg__17: 
case__27: 
case__23: 
reg__20: 
logic__6: 
datapath__5: 
case__17: 
reg__18: 
keep: 
muxpart: 
logic: 
instruction_decoder: 
reg__1: 
case__48: 
case__25: 
datapath__8: 
datapath__3: 
reg__2: 
case__32: 
case__38: 
pdatapath_top: 
logic__7: 
case__49: 
logic__27: 
datapath__9: 
datapath: 
reg: 
debounce: 
keep__13: 
logic__31: 
keep__18: 
datapath__10: 
case__10: 
datapath__13: 
case__36: 
case__7: 
datapath__12: 
keep__11: 
case__9: 
logic__32: 
case__12: 
keep__9: 
reg__8: 
keep__7: 
eightbit_alu: 
keep__19: 
Adaptor_display: 
logic__13: 
keep__20: 
case__44: 
logic__63: 
keep__5: 
case__43: 
bcdSelector: 
case__31: 
reg__12: 
case: 
case__40: 
case__24: 
logic__4: 
keep__21: 
case__41: 
case__14: 
datapath__2: 
keep__17: 
reg__5: 
reg__9: 
keep__15: 
case__4: 
case__3: 
logic__1: 
case__18: 
reg__6: 
case__35: 
reg__10: 
reg__19: 
keep__8: 
case__15: 
case__2: 
displaySelector: 
keep__16: 
case__5: 
case__13: 
muxpart__1: 
datapath__4: 
logic__51: 
reg__13: 
case__1: 
datapath__11: 
case__30: 
logic__19: 
case__47: 
activateDisplay: 
case__34: 
case__19: 
logic__18: 
logic__34: 
keep__3: 
case__26: 
logic__28: 
logic__33: 
keep__4: 
logic__55: 
reg__16: 
logic__25: 
reg__11: 
keep__1: 
case__22: 
keep__14: 
case__33: 
case__29: 
binary_8to_BCD: 
case__20: 
case__39: 
reg__14: 
logic__26: 
logic__17: 
reg__4: 
keep__12: 
muxpart__3: 
case__37: 
